Character[0] = {"Id":1011031,"Name":"Agent X (Nijo)","Description":"Originally a partner of the mind-altering assassin Black Swan, Nijo spied on Deadpool as part of the Swan's plan to exact revenge for Deadpool falsely taking credit for the Swan's assassination of the Four Winds crime family, which included Nijo's brother.","Modified":"1969-12-31T18:00:00-06:00","ResourceUri":null,"Urls":[{"Type":"detail","UrlString":null},{"Type":"wiki","UrlString":null}],"Thumbnail":{"Path":"http://i.annihil.us/u/prod/marvel/i/mg/b/40/image_not_available","Extension":"jpg"},"Comics":{"Available":10,"Returned":10,"CollectionUri":null,"Items":[{"ResourceUri":null,"Name":"Agent X (2002) #1"},{"ResourceUri":null,"Name":"Agent X (2002) #2"},{"ResourceUri":null,"Name":"Agent X (2002) #3"},{"ResourceUri":null,"Name":"Agent X (2002) #4"},{"ResourceUri":null,"Name":"Agent X (2002) #5"},{"ResourceUri":null,"Name":"Agent X (2002) #6"},{"ResourceUri":null,"Name":"Agent X (2002) #11"},{"ResourceUri":null,"Name":"Cable & Deadpool (2004) #12"},{"ResourceUri":null,"Name":"Cable & Deadpool (2004) #46 (Zombie Variant)"},{"ResourceUri":null,"Name":"Cable & Deadpool Vol. 2: The Burnt Offering (Trade Paperback)"}]},"Stories":{"Available":15,"Returned":15,"CollectionUri":null,"Items":[{"ResourceUri":null,"Name":"2 of 2 - Thirty Pieces","Type":"cover"},{"ResourceUri":null,"Name":"Cover #37514","Type":"cover"},{"ResourceUri":null,"Name":"Dead Man's Switch Part One","Type":"interiorStory"},{"ResourceUri":null,"Name":"Cover #37518","Type":"cover"},{"ResourceUri":null,"Name":"Cover #37525","Type":"cover"},{"ResourceUri":null,"Name":"Dead Man's Switch Part Two","Type":"interiorStory"},{"ResourceUri":null,"Name":"Cover #37527","Type":"cover"},{"ResourceUri":null,"Name":"Dead Man's Switch Part Three","Type":"interiorStory"},{"ResourceUri":null,"Name":"Cover #37529","Type":"cover"},{"ResourceUri":null,"Name":"Dead Man's Switch Part Four","Type":"interiorStory"},{"ResourceUri":null,"Name":"Cover #37531","Type":"cover"},{"ResourceUri":null,"Name":"Dead Man's Switch Part Five","Type":"interiorStory"},{"ResourceUri":null,"Name":"Cover #37533","Type":"cover"},{"ResourceUri":null,"Name":"Dead Man's Switch Part Six","Type":"interiorStory"},{"ResourceUri":null,"Name":"Cable & Deadpool (2004) #46, Zombie Variant","Type":"cover"}]},"Events":{"Available":0,"Returned":0,"CollectionUri":null,"Items":[]},"Series":{"Available":3,"Returned":3,"CollectionUri":null,"Items":[{"ResourceUri":null,"Name":"Agent X (2002 - 2004)"},{"ResourceUri":null,"Name":"Cable & Deadpool (2004 - 2008)"},{"ResourceUri":null,"Name":"Cable & Deadpool Vol. 2: The Burnt Offering (2007)"}]}}
Character[1] = {"Id":1009214,"Name":"Cable","Description":"","Modified":"2013-10-18T11:48:15-05:00","ResourceUri":null,"Urls":[{"Type":"detail","UrlString":null},{"Type":"wiki","UrlString":null}],"Thumbnail":{"Path":"http://i.annihil.us/u/prod/marvel/i/mg/3/90/526165df2b584","Extension":"jpg"},"Comics":{"Available":284,"Returned":20,"CollectionUri":null,"Items":[{"ResourceUri":null,"Name":"Avengers: X-Sanction (2011) #1"},{"ResourceUri":null,"Name":"Avengers: X-Sanction (2011) #3"},{"ResourceUri":null,"Name":"Cable (1993)"},{"ResourceUri":null,"Name":"Cable (2008) #1"},{"ResourceUri":null,"Name":"Cable (1993) #1"},{"ResourceUri":null,"Name":"Cable (2008) #1 (Variant)"},{"ResourceUri":null,"Name":"Cable (2008) #2"},{"ResourceUri":null,"Name":"Cable (1993) #2"},{"ResourceUri":null,"Name":"Cable (2008) #2 (DAVID FINCH VARIANT)"},{"ResourceUri":null,"Name":"Cable (2008) #3"},{"ResourceUri":null,"Name":"Cable (1993) #3"},{"ResourceUri":null,"Name":"Cable (2008) #3 (JOHN ROMITA JR. VARIANT)"},{"ResourceUri":null,"Name":"Cable (1993) #4"},{"ResourceUri":null,"Name":"Cable (2008) #4"},{"ResourceUri":null,"Name":"Cable (2008) #4 (DJURDJEVIC VARIANT)"},{"ResourceUri":null,"Name":"Cable (1993) #5"},{"ResourceUri":null,"Name":"Cable (2008) #5"},{"ResourceUri":null,"Name":"Cable (2008) #5 (SILVESTRI VARIANT)"},{"ResourceUri":null,"Name":"Cable (2008) #6"},{"ResourceUri":null,"Name":"Cable (1993) #6"}]},"Stories":{"Available":426,"Returned":20,"CollectionUri":null,"Items":[{"ResourceUri":null,"Name":"4 of 6 - Supernovas","Type":"cover"},{"ResourceUri":null,"Name":"3 of 6 - The Passion of the Cable","Type":"cover"},{"ResourceUri":null,"Name":"2 of 2 - Thirty Pieces","Type":"cover"},{"ResourceUri":null,"Name":"1 of 4 - Enema of the State","Type":"cover"},{"ResourceUri":null,"Name":"4 of 4 - Enema of the State","Type":"cover"},{"ResourceUri":null,"Name":"2 of 4 - Bosom Buddies","Type":"cover"},{"ResourceUri":null,"Name":"4 of 5 - Apocalypse Story","Type":"cover"},{"ResourceUri":null,"Name":"3 of 3 - The Hero Hunter","Type":"cover"},{"ResourceUri":null,"Name":"1 of ??? - ???","Type":"cover"},{"ResourceUri":null,"Name":"1 of ??? - ???","Type":"cover"},{"ResourceUri":null,"Name":"Days of Future Present Part 4","Type":"cover"},{"ResourceUri":null,"Name":"Cover #21637","Type":"cover"},{"ResourceUri":null,"Name":"X-Tinction Agenda Part 6","Type":"cover"},{"ResourceUri":null,"Name":"X-Tinction Agenda Part 9: Final Strike","Type":"cover"},{"ResourceUri":null,"Name":"Finale","Type":"interiorStory"},{"ResourceUri":null,"Name":"One of these Days","Type":"interiorStory"},{"ResourceUri":null,"Name":"Crossing Swords","Type":"interiorStory"},{"ResourceUri":null,"Name":"Memories are Made of This","Type":"interiorStory"},{"ResourceUri":null,"Name":"Flashback","Type":"cover"},{"ResourceUri":null,"Name":"The Devil's Herald","Type":"interiorStory"}]},"Events":{"Available":12,"Returned":12,"CollectionUri":null,"Items":[{"ResourceUri":null,"Name":"Age of Apocalypse"},{"ResourceUri":null,"Name":"Avengers VS X-Men"},{"ResourceUri":null,"Name":"Civil War"},{"ResourceUri":null,"Name":"Days of Future Present"},{"ResourceUri":null,"Name":"Fatal Attractions"},{"ResourceUri":null,"Name":"Kings of Pain"},{"ResourceUri":null,"Name":"Maximum Security"},{"ResourceUri":null,"Name":"Messiah CompleX"},{"ResourceUri":null,"Name":"Messiah War"},{"ResourceUri":null,"Name":"Onslaught"},{"ResourceUri":null,"Name":"X-Men: Second Coming"},{"ResourceUri":null,"Name":"X-Tinction Agenda"}]},"Series":{"Available":63,"Returned":20,"CollectionUri":null,"Items":[{"ResourceUri":null,"Name":"Avengers: X-Sanction (2011 - 2012)"},{"ResourceUri":null,"Name":"Cable (1993 - 2002)"},{"ResourceUri":null,"Name":"Cable (2008 - 2010)"},{"ResourceUri":null,"Name":"Cable & Deadpool (2004 - 2008)"},{"ResourceUri":null,"Name":"Cable & Deadpool MGC (2011)"},{"ResourceUri":null,"Name":"Cable & Deadpool Vol. 2: The Burnt Offering (2007)"},{"ResourceUri":null,"Name":"Cable & Deadpool Vol. 3: The Human Race (2005)"},{"ResourceUri":null,"Name":"Cable & Deadpool Vol. 4: Bosom Buddies (2006)"},{"ResourceUri":null,"Name":"Cable & Deadpool Vol. 5: Living Legends (2006)"},{"ResourceUri":null,"Name":"Cable & Deadpool Vol. 6: Paved with Good Intentions (2007)"},{"ResourceUri":null,"Name":"Cable & Deadpool Vol. 7: Separation Anxiety (2007)"},{"ResourceUri":null,"Name":"Cable and X-Force (2012 - Present)"},{"ResourceUri":null,"Name":"Cable Classic Vol. 1 (2008)"},{"ResourceUri":null,"Name":"Cable Vol. I: The Shining Path (1999)"},{"ResourceUri":null,"Name":"Cable Vol. II: The End (2002)"},{"ResourceUri":null,"Name":"Cable/Deadpool Vol. 3: The Human Race (2005)"},{"ResourceUri":null,"Name":"Cable/Deadpool Vol. 4: Bosom Buddies (2006)"},{"ResourceUri":null,"Name":"Cable: Blood & Metal (1992)"},{"ResourceUri":null,"Name":"Civil War: X-Men (2011)"},{"ResourceUri":null,"Name":"Civil War: X-Men Universe (2007)"}]}}
Character[2] = {"Id":1009257,"Name":"Cyclops","Description":"","Modified":"2013-12-09T10:59:09-06:00","ResourceUri":null,"Urls":[{"Type":"detail","UrlString":null},{"Type":"wiki","UrlString":null}],"Thumbnail":{"Path":"http://i.annihil.us/u/prod/marvel/i/mg/6/70/526547e2d90ad","Extension":"jpg"},"Comics":{"Available":695,"Returned":20,"CollectionUri":null,"Items":[{"ResourceUri":null,"Name":"Age of Apocalypse: The Chosen (1995) #1"},{"ResourceUri":null,"Name":"Age of X: Universe (2011) #1"},{"ResourceUri":null,"Name":"Alpha Flight (1983) #1"},{"ResourceUri":null,"Name":"Alpha Flight (1983) #110"},{"ResourceUri":null,"Name":"Alpha Flight (1983) #111"},{"ResourceUri":null,"Name":"Alpha Flight Classic Vol. 1 (Trade Paperback)"},{"ResourceUri":null,"Name":"Amazing Spider-Man (1999) #661 (X-Men Art Variant)"},{"ResourceUri":null,"Name":"Astonishing X-Men (2004) #1"},{"ResourceUri":null,"Name":"Astonishing X-Men (2004) #2"},{"ResourceUri":null,"Name":"Astonishing X-Men (2004) #3"},{"ResourceUri":null,"Name":"Astonishing X-Men (2004) #4"},{"ResourceUri":null,"Name":"Astonishing X-Men (2004) #5"},{"ResourceUri":null,"Name":"Astonishing X-Men (2004) #6"},{"ResourceUri":null,"Name":"Astonishing X-Men (2004) #7"},{"ResourceUri":null,"Name":"Astonishing X-Men (2004) #8"},{"ResourceUri":null,"Name":"Astonishing X-Men (2004) #9"},{"ResourceUri":null,"Name":"Astonishing X-Men (2004) #10"},{"ResourceUri":null,"Name":"Astonishing X-Men (2004) #11"},{"ResourceUri":null,"Name":"Astonishing X-Men (2004) #12"},{"ResourceUri":null,"Name":"Astonishing X-Men (2004) #13"}]},"Stories":{"Available":751,"Returned":20,"CollectionUri":null,"Items":[{"ResourceUri":null,"Name":"1 of 1 - Holiday Issue","Type":"cover"},{"ResourceUri":null,"Name":"6 of 6 - Enemy of the State","Type":"cover"},{"ResourceUri":null,"Name":"3 of 6 - The Passion of the Cable","Type":"cover"},{"ResourceUri":null,"Name":"1 of 1 - Kitty/Colossus","Type":"cover"},{"ResourceUri":null,"Name":"1 of 1 - Kitty/Colossus","Type":"interiorStory"},{"ResourceUri":null,"Name":"Cover #3206","Type":"cover"},{"ResourceUri":null,"Name":"Cover for Astonishing X-Men (2004) #7","Type":"cover"},{"ResourceUri":null,"Name":"1 of 6 - Dangerous","Type":"interiorStory"},{"ResourceUri":null,"Name":"Interior #3308","Type":"interiorStory"},{"ResourceUri":null,"Name":"Cover for Astonishing X-Men (2004) #1, #3309","Type":"cover"},{"ResourceUri":null,"Name":"Interior #3310","Type":"interiorStory"},{"ResourceUri":null,"Name":"Interior #3318","Type":"interiorStory"},{"ResourceUri":null,"Name":"“GIFTED” 5 (OF 6)  As demand for the","Type":"interiorStory"},{"ResourceUri":null,"Name":"“GIFTED” PART 6 (OF 6) Outnumbered and outgunned, the X-Men are finally brought together as a team by their newest addition – bu","Type":"interiorStory"},{"ResourceUri":null,"Name":"2 of 6 - Dangerous","Type":"interiorStory"},{"ResourceUri":null,"Name":"3 of 6 - Dangerous","Type":"interiorStory"},{"ResourceUri":null,"Name":"4 of 6 - Dangerous","Type":"interiorStory"},{"ResourceUri":null,"Name":"Interior #3332","Type":"interiorStory"},{"ResourceUri":null,"Name":"6 of 6 - Dangerous","Type":"cover"},{"ResourceUri":null,"Name":"6 of 6 - Dangerous","Type":"interiorStory"}]},"Events":{"Available":26,"Returned":20,"CollectionUri":null,"Items":[{"ResourceUri":null,"Name":"Acts of Vengeance!"},{"ResourceUri":null,"Name":"Age of Apocalypse"},{"ResourceUri":null,"Name":"Age of X"},{"ResourceUri":null,"Name":"Atlantis Attacks"},{"ResourceUri":null,"Name":"Avengers VS X-Men"},{"ResourceUri":null,"Name":"Civil War"},{"ResourceUri":null,"Name":"Days of Future Present"},{"ResourceUri":null,"Name":"Enemy of the State"},{"ResourceUri":null,"Name":"Evolutionary War"},{"ResourceUri":null,"Name":"Fall of the Mutants"},{"ResourceUri":null,"Name":"Fatal Attractions"},{"ResourceUri":null,"Name":"Fear Itself"},{"ResourceUri":null,"Name":"Inferno"},{"ResourceUri":null,"Name":"Infinity War"},{"ResourceUri":null,"Name":"Kings of Pain"},{"ResourceUri":null,"Name":"Messiah CompleX"},{"ResourceUri":null,"Name":"Mutant Massacre"},{"ResourceUri":null,"Name":"Onslaught"},{"ResourceUri":null,"Name":"Secret Wars"},{"ResourceUri":null,"Name":"Secret Wars II"}]},"Series":{"Available":212,"Returned":20,"CollectionUri":null,"Items":[{"ResourceUri":null,"Name":"Age of Apocalypse: The Chosen (1995)"},{"ResourceUri":null,"Name":"Age of X: Universe (2011)"},{"ResourceUri":null,"Name":"Alpha Flight (1983 - 1994)"},{"ResourceUri":null,"Name":"Alpha Flight Classic Vol. 1 (2007)"},{"ResourceUri":null,"Name":"Amazing Spider-Man (1999 - 2013)"},{"ResourceUri":null,"Name":"Astonishing X-Men (2004 - Present)"},{"ResourceUri":null,"Name":"Astonishing X-Men by Joss Whedon & John Cassaday (2009 - Present)"},{"ResourceUri":null,"Name":"Astonishing X-Men Vol. 1 (2006)"},{"ResourceUri":null,"Name":"Astonishing X-Men Vol. 1: Gifted (2004)"},{"ResourceUri":null,"Name":"Astonishing X-Men Vol. 2: Dangerous (2005)"},{"ResourceUri":null,"Name":"Astonishing X-Men Vol. 3: Torn (2007)"},{"ResourceUri":null,"Name":"Astonishing X-Men Vol. 4: Unstoppable (2008)"},{"ResourceUri":null,"Name":"Avengers (1963 - 1996)"},{"ResourceUri":null,"Name":"Avengers VS X-Men (2012)"},{"ResourceUri":null,"Name":"Avx: Consequences (2012)"},{"ResourceUri":null,"Name":"Cable (1993 - 2002)"},{"ResourceUri":null,"Name":"Cable (2008 - 2010)"},{"ResourceUri":null,"Name":"Cable & Deadpool (2004 - 2008)"},{"ResourceUri":null,"Name":"Cable & Deadpool Vol. 2: The Burnt Offering (2007)"},{"ResourceUri":null,"Name":"Cable Classic Vol. 1 (2008)"}]}}
Character[3] = {"Id":1009268,"Name":"Deadpool","Description":"","Modified":"2013-10-18T16:33:26-05:00","ResourceUri":null,"Urls":[{"Type":"detail","UrlString":null},{"Type":"wiki","UrlString":null}],"Thumbnail":{"Path":"http://i.annihil.us/u/prod/marvel/i/mg/9/90/5261a86cacb99","Extension":"jpg"},"Comics":{"Available":384,"Returned":20,"CollectionUri":null,"Items":[{"ResourceUri":null,"Name":"5 Ronin (Hardcover)"},{"ResourceUri":null,"Name":"5 Ronin (2010) #5"},{"ResourceUri":null,"Name":"5 Ronin (2010) #5 (MCGUINNESS COVER)"},{"ResourceUri":null,"Name":"Amazing Spider-Man (1999) #611"},{"ResourceUri":null,"Name":"Amazing Spider-Man (1999) #620 (DEADPOOL VARIANT)"},{"ResourceUri":null,"Name":"Avengers: The Initiative (2007) #33 (DEADPOOL VARIANT)"},{"ResourceUri":null,"Name":"Cable (2008) #13"},{"ResourceUri":null,"Name":"Cable (2008) #13 (OLIVETTI (MW, 50/50 COVER))"},{"ResourceUri":null,"Name":"Cable (2008) #14"},{"ResourceUri":null,"Name":"Cable (2008) #14 (OLIVETTI (MW, 50/50 COVER))"},{"ResourceUri":null,"Name":"Cable (2008) #15"},{"ResourceUri":null,"Name":"Cable (2008) #15 (OLIVETTI (MW, 50/50 COVER))"},{"ResourceUri":null,"Name":"Cable & Deadpool (2004) #1"},{"ResourceUri":null,"Name":"Cable & Deadpool (2004) #2"},{"ResourceUri":null,"Name":"Cable & Deadpool (2004) #3"},{"ResourceUri":null,"Name":"Cable & Deadpool (2004) #4"},{"ResourceUri":null,"Name":"Cable & Deadpool (2004) #5"},{"ResourceUri":null,"Name":"Cable & Deadpool (2004) #6"},{"ResourceUri":null,"Name":"Cable & Deadpool (2004) #7"},{"ResourceUri":null,"Name":"Cable & Deadpool (2004) #8"}]},"Stories":{"Available":544,"Returned":20,"CollectionUri":null,"Items":[{"ResourceUri":null,"Name":"Interior #1619","Type":"interiorStory"},{"ResourceUri":null,"Name":"3 of 6 - The Passion of the Cable","Type":"cover"},{"ResourceUri":null,"Name":"3 of 6 - The Passion of the Cable","Type":"interiorStory"},{"ResourceUri":null,"Name":"Interior #2467","Type":"interiorStory"},{"ResourceUri":null,"Name":"Interior #2469","Type":"interiorStory"},{"ResourceUri":null,"Name":"Interior #2471","Type":"interiorStory"},{"ResourceUri":null,"Name":"Interior #2473","Type":"interiorStory"},{"ResourceUri":null,"Name":"Interior #2475","Type":"interiorStory"},{"ResourceUri":null,"Name":"Interior #2477","Type":"interiorStory"},{"ResourceUri":null,"Name":"Interior #2479","Type":"interiorStory"},{"ResourceUri":null,"Name":"4 of 6 - The Passion of the Cable","Type":"interiorStory"},{"ResourceUri":null,"Name":"5 of 6 - The Passion of the Cable","Type":"interiorStory"},{"ResourceUri":null,"Name":"2 of 2 - Thirty Pieces","Type":"cover"},{"ResourceUri":null,"Name":"2 of 2 - Thirty Pieces","Type":"interiorStory"},{"ResourceUri":null,"Name":"1 of 2 - A Murder in Paradise","Type":"interiorStory"},{"ResourceUri":null,"Name":"2 of 2 - A Murder in Paradise","Type":"interiorStory"},{"ResourceUri":null,"Name":"1 of 4 - Enema of the State","Type":"cover"},{"ResourceUri":null,"Name":"1 of 4 - Enema of the State","Type":"interiorStory"},{"ResourceUri":null,"Name":"2 of 4 - Enema of the State","Type":"interiorStory"},{"ResourceUri":null,"Name":"3 of 4 - Enema of the State","Type":"interiorStory"}]},"Events":{"Available":9,"Returned":9,"CollectionUri":null,"Items":[{"ResourceUri":null,"Name":"Age of Apocalypse"},{"ResourceUri":null,"Name":"Civil War"},{"ResourceUri":null,"Name":"Dark Reign"},{"ResourceUri":null,"Name":"Fear Itself"},{"ResourceUri":null,"Name":"House of M"},{"ResourceUri":null,"Name":"Messiah War"},{"ResourceUri":null,"Name":"Secret Invasion"},{"ResourceUri":null,"Name":"X-Men: Regenesis"},{"ResourceUri":null,"Name":"X-Men: Schism"}]},"Series":{"Available":95,"Returned":20,"CollectionUri":null,"Items":[{"ResourceUri":null,"Name":"5 Ronin (2010)"},{"ResourceUri":null,"Name":"5 Ronin (2011)"},{"ResourceUri":null,"Name":"Amazing Spider-Man (1999 - 2013)"},{"ResourceUri":null,"Name":"Avengers: The Initiative (2007 - 2010)"},{"ResourceUri":null,"Name":"Cable (2008 - 2010)"},{"ResourceUri":null,"Name":"Cable & Deadpool (2004 - 2008)"},{"ResourceUri":null,"Name":"Cable & Deadpool MGC (2011)"},{"ResourceUri":null,"Name":"Cable & Deadpool Vol. 1: If Looks Could Kill (2007)"},{"ResourceUri":null,"Name":"Cable & Deadpool Vol. 2: The Burnt Offering (2007)"},{"ResourceUri":null,"Name":"Cable & Deadpool Vol. 3: The Human Race (2005)"},{"ResourceUri":null,"Name":"Cable & Deadpool Vol. 4: Bosom Buddies (2006)"},{"ResourceUri":null,"Name":"Cable & Deadpool Vol. 5: Living Legends (2006)"},{"ResourceUri":null,"Name":"Cable & Deadpool Vol. 6: Paved with Good Intentions (2007)"},{"ResourceUri":null,"Name":"Cable & Deadpool Vol. 7: Separation Anxiety (2007)"},{"ResourceUri":null,"Name":"Cable/Deadpool Vol. 3: The Human Race (2005)"},{"ResourceUri":null,"Name":"Cable/Deadpool Vol. 4: Bosom Buddies (2006)"},{"ResourceUri":null,"Name":"Civil War: X-Men (2011)"},{"ResourceUri":null,"Name":"Civil War: X-Men Universe (2007)"},{"ResourceUri":null,"Name":"Dark Reign:Deadpool/Thunderbolts (2009 - Present)"},{"ResourceUri":null,"Name":"Deadpool (2010)"}]}}
Character[4] = {"Id":1009718,"Name":"Wolverine","Description":"Born with super-human senses and the power to heal from almost any wound, Wolverine was captured by a secret Canadian organization and given an unbreakable skeleton and claws. Treated like an animal, it took years for him to control himself. Now, he's a premiere member of both the X-Men and the Avengers.","Modified":"2013-11-20T16:40:18-06:00","ResourceUri":null,"Urls":[{"Type":"detail","UrlString":null},{"Type":"wiki","UrlString":null}],"Thumbnail":{"Path":"http://i.annihil.us/u/prod/marvel/i/mg/c/00/528d3a1eb24ee","Extension":"jpg"},"Comics":{"Available":1793,"Returned":20,"CollectionUri":null,"Items":[{"ResourceUri":null,"Name":"5 Ronin (Hardcover)"},{"ResourceUri":null,"Name":"5 Ronin (Hardcover)"},{"ResourceUri":null,"Name":"5 Ronin (2010) #1"},{"ResourceUri":null,"Name":"5 Ronin (2010) #1 (AJA Cover)"},{"ResourceUri":null,"Name":"ACTS OF VENGEANCE CROSSOVERS OMNIBUS (Hardcover)"},{"ResourceUri":null,"Name":"ACTS OF VENGEANCE CROSSOVERS OMNIBUS (DM Only) (Hardcover)"},{"ResourceUri":null,"Name":"Agents of Atlas (2009) #3 (Wolverine Art Appreciation Variant)"},{"ResourceUri":null,"Name":"Agents of Atlas (2009) #5"},{"ResourceUri":null,"Name":"Agents of Atlas (2009) #5 (MCGUINNESS VARIANT)"},{"ResourceUri":null,"Name":"Alpha Flight (1983) #3"},{"ResourceUri":null,"Name":"Alpha Flight (1983) #13"},{"ResourceUri":null,"Name":"Alpha Flight (1983) #16"},{"ResourceUri":null,"Name":"Alpha Flight (1983) #17"},{"ResourceUri":null,"Name":"Alpha Flight (1983) #33"},{"ResourceUri":null,"Name":"Alpha Flight (1983) #34"},{"ResourceUri":null,"Name":"Alpha Flight (1983) #52"},{"ResourceUri":null,"Name":"Alpha Flight (1983) #53"},{"ResourceUri":null,"Name":"Alpha Flight (1983) #61"},{"ResourceUri":null,"Name":"Alpha Flight (1983) #87"},{"ResourceUri":null,"Name":"Alpha Flight (1983) #88"}]},"Stories":{"Available":2444,"Returned":20,"CollectionUri":null,"Items":[{"ResourceUri":null,"Name":"Cover #477","Type":"cover"},{"ResourceUri":null,"Name":"1 of 1 - Holiday Issue","Type":"cover"},{"ResourceUri":null,"Name":"1 of 5 - Golgotha","Type":"cover"},{"ResourceUri":null,"Name":"2 of 3 - House of Broken Dreams","Type":"cover"},{"ResourceUri":null,"Name":"Interior #1051","Type":"interiorStory"},{"ResourceUri":null,"Name":"Interior #1415","Type":"interiorStory"},{"ResourceUri":null,"Name":"Interior #1499","Type":"interiorStory"},{"ResourceUri":null,"Name":"Interior #1632","Type":"interiorStory"},{"ResourceUri":null,"Name":"Interior #1767","Type":"interiorStory"},{"ResourceUri":null,"Name":"Cover #1776","Type":"cover"},{"ResourceUri":null,"Name":"Interior #1779","Type":"interiorStory"},{"ResourceUri":null,"Name":"Interior #1803","Type":"interiorStory"},{"ResourceUri":null,"Name":"Interior #1847","Type":"interiorStory"},{"ResourceUri":null,"Name":"Interior #1912","Type":"interiorStory"},{"ResourceUri":null,"Name":"4 of 5 - Quiet","Type":"cover"},{"ResourceUri":null,"Name":"Interior #1979","Type":"interiorStory"},{"ResourceUri":null,"Name":"Interior #2070","Type":"interiorStory"},{"ResourceUri":null,"Name":"Interior #2084","Type":"interiorStory"},{"ResourceUri":null,"Name":"3 of 6 - Enemy of the State","Type":"interiorStory"},{"ResourceUri":null,"Name":"Interior #2167","Type":"interiorStory"}]},"Events":{"Available":32,"Returned":20,"CollectionUri":null,"Items":[{"ResourceUri":null,"Name":"Acts of Vengeance!"},{"ResourceUri":null,"Name":"Age of Apocalypse"},{"ResourceUri":null,"Name":"Atlantis Attacks"},{"ResourceUri":null,"Name":"Avengers VS X-Men"},{"ResourceUri":null,"Name":"Chaos War"},{"ResourceUri":null,"Name":"Civil War"},{"ResourceUri":null,"Name":"Dark Reign"},{"ResourceUri":null,"Name":"Days of Future Present"},{"ResourceUri":null,"Name":"Enemy of the State"},{"ResourceUri":null,"Name":"Evolutionary War"},{"ResourceUri":null,"Name":"Fall of the Mutants"},{"ResourceUri":null,"Name":"Fatal Attractions"},{"ResourceUri":null,"Name":"Fear Itself"},{"ResourceUri":null,"Name":"House of M"},{"ResourceUri":null,"Name":"Inferno"},{"ResourceUri":null,"Name":"Infinity Gauntlet"},{"ResourceUri":null,"Name":"Infinity War"},{"ResourceUri":null,"Name":"Maximum Security"},{"ResourceUri":null,"Name":"Messiah CompleX"},{"ResourceUri":null,"Name":"Messiah War"}]},"Series":{"Available":435,"Returned":20,"CollectionUri":null,"Items":[{"ResourceUri":null,"Name":"5 Ronin (2011)"},{"ResourceUri":null,"Name":"5 Ronin (2010)"},{"ResourceUri":null,"Name":"ACTS OF VENGEANCE CROSSOVERS OMNIBUS (2011)"},{"ResourceUri":null,"Name":"ACTS OF VENGEANCE CROSSOVERS OMNIBUS (DM Only) (2011)"},{"ResourceUri":null,"Name":"Agents of Atlas (2009)"},{"ResourceUri":null,"Name":"Alpha Flight (1983 - 1994)"},{"ResourceUri":null,"Name":"Alpha Flight Classic Vol. 1 (2007)"},{"ResourceUri":null,"Name":"Amazing Spider-Man (1999 - 2013)"},{"ResourceUri":null,"Name":"Amazing Spider-Man (1963 - 1998)"},{"ResourceUri":null,"Name":"Amazing Spider-Man Annual (1964 - Present)"},{"ResourceUri":null,"Name":"Anita Blake: The Laughing Corpse - Necromancer (2009)"},{"ResourceUri":null,"Name":"Annihilators: Earthfall (2011)"},{"ResourceUri":null,"Name":"Astonishing Spider-Man/Wolverine (2010 - 2011)"},{"ResourceUri":null,"Name":"Astonishing Spider-Man/Wolverine (2010 - Present)"},{"ResourceUri":null,"Name":"Astonishing Tales (2009)"},{"ResourceUri":null,"Name":"Astonishing Tales: Wolverine/Punisher (2008 - 2009)"},{"ResourceUri":null,"Name":"Astonishing X-Men (2004 - Present)"},{"ResourceUri":null,"Name":"Astonishing X-Men by Joss Whedon & John Cassaday (2009 - Present)"},{"ResourceUri":null,"Name":"Astonishing X-Men Vol. 1 (2006)"},{"ResourceUri":null,"Name":"Astonishing X-Men Vol. 1: Gifted (2004)"}]}}
