{"Id":1009268,"Name":"Deadpool","Description":"","Modified":"2013-10-18T16:33:26-05:00","ResourceUri":null,"Urls":[{"Type":"detail","UrlString":null},{"Type":"wiki","UrlString":null}],"Thumbnail":{"Path":"http://i.annihil.us/u/prod/marvel/i/mg/9/90/5261a86cacb99","Extension":"jpg"},"Comics":{"Available":384,"Returned":20,"CollectionUri":null,"Items":[{"ResourceUri":null,"Name":"5 Ronin (Hardcover)"},{"ResourceUri":null,"Name":"5 Ronin (2010) #5"},{"ResourceUri":null,"Name":"5 Ronin (2010) #5 (MCGUINNESS COVER)"},{"ResourceUri":null,"Name":"Amazing Spider-Man (1999) #611"},{"ResourceUri":null,"Name":"Amazing Spider-Man (1999) #620 (DEADPOOL VARIANT)"},{"ResourceUri":null,"Name":"Avengers: The Initiative (2007) #33 (DEADPOOL VARIANT)"},{"ResourceUri":null,"Name":"Cable (2008) #13"},{"ResourceUri":null,"Name":"Cable (2008) #13 (OLIVETTI (MW, 50/50 COVER))"},{"ResourceUri":null,"Name":"Cable (2008) #14"},{"ResourceUri":null,"Name":"Cable (2008) #14 (OLIVETTI (MW, 50/50 COVER))"},{"ResourceUri":null,"Name":"Cable (2008) #15"},{"ResourceUri":null,"Name":"Cable (2008) #15 (OLIVETTI (MW, 50/50 COVER))"},{"ResourceUri":null,"Name":"Cable & Deadpool (2004) #1"},{"ResourceUri":null,"Name":"Cable & Deadpool (2004) #2"},{"ResourceUri":null,"Name":"Cable & Deadpool (2004) #3"},{"ResourceUri":null,"Name":"Cable & Deadpool (2004) #4"},{"ResourceUri":null,"Name":"Cable & Deadpool (2004) #5"},{"ResourceUri":null,"Name":"Cable & Deadpool (2004) #6"},{"ResourceUri":null,"Name":"Cable & Deadpool (2004) #7"},{"ResourceUri":null,"Name":"Cable & Deadpool (2004) #8"}]},"Stories":{"Available":544,"Returned":20,"CollectionUri":null,"Items":[{"ResourceUri":null,"Name":"Interior #1619","Type":"interiorStory"},{"ResourceUri":null,"Name":"3 of 6 - The Passion of the Cable","Type":"cover"},{"ResourceUri":null,"Name":"3 of 6 - The Passion of the Cable","Type":"interiorStory"},{"ResourceUri":null,"Name":"Interior #2467","Type":"interiorStory"},{"ResourceUri":null,"Name":"Interior #2469","Type":"interiorStory"},{"ResourceUri":null,"Name":"Interior #2471","Type":"interiorStory"},{"ResourceUri":null,"Name":"Interior #2473","Type":"interiorStory"},{"ResourceUri":null,"Name":"Interior #2475","Type":"interiorStory"},{"ResourceUri":null,"Name":"Interior #2477","Type":"interiorStory"},{"ResourceUri":null,"Name":"Interior #2479","Type":"interiorStory"},{"ResourceUri":null,"Name":"4 of 6 - The Passion of the Cable","Type":"interiorStory"},{"ResourceUri":null,"Name":"5 of 6 - The Passion of the Cable","Type":"interiorStory"},{"ResourceUri":null,"Name":"2 of 2 - Thirty Pieces","Type":"cover"},{"ResourceUri":null,"Name":"2 of 2 - Thirty Pieces","Type":"interiorStory"},{"ResourceUri":null,"Name":"1 of 2 - A Murder in Paradise","Type":"interiorStory"},{"ResourceUri":null,"Name":"2 of 2 - A Murder in Paradise","Type":"interiorStory"},{"ResourceUri":null,"Name":"1 of 4 - Enema of the State","Type":"cover"},{"ResourceUri":null,"Name":"1 of 4 - Enema of the State","Type":"interiorStory"},{"ResourceUri":null,"Name":"2 of 4 - Enema of the State","Type":"interiorStory"},{"ResourceUri":null,"Name":"3 of 4 - Enema of the State","Type":"interiorStory"}]},"Events":{"Available":9,"Returned":9,"CollectionUri":null,"Items":[{"ResourceUri":null,"Name":"Age of Apocalypse"},{"ResourceUri":null,"Name":"Civil War"},{"ResourceUri":null,"Name":"Dark Reign"},{"ResourceUri":null,"Name":"Fear Itself"},{"ResourceUri":null,"Name":"House of M"},{"ResourceUri":null,"Name":"Messiah War"},{"ResourceUri":null,"Name":"Secret Invasion"},{"ResourceUri":null,"Name":"X-Men: Regenesis"},{"ResourceUri":null,"Name":"X-Men: Schism"}]},"Series":{"Available":95,"Returned":20,"CollectionUri":null,"Items":[{"ResourceUri":null,"Name":"5 Ronin (2010)"},{"ResourceUri":null,"Name":"5 Ronin (2011)"},{"ResourceUri":null,"Name":"Amazing Spider-Man (1999 - 2013)"},{"ResourceUri":null,"Name":"Avengers: The Initiative (2007 - 2010)"},{"ResourceUri":null,"Name":"Cable (2008 - 2010)"},{"ResourceUri":null,"Name":"Cable & Deadpool (2004 - 2008)"},{"ResourceUri":null,"Name":"Cable & Deadpool MGC (2011)"},{"ResourceUri":null,"Name":"Cable & Deadpool Vol. 1: If Looks Could Kill (2007)"},{"ResourceUri":null,"Name":"Cable & Deadpool Vol. 2: The Burnt Offering (2007)"},{"ResourceUri":null,"Name":"Cable & Deadpool Vol. 3: The Human Race (2005)"},{"ResourceUri":null,"Name":"Cable & Deadpool Vol. 4: Bosom Buddies (2006)"},{"ResourceUri":null,"Name":"Cable & Deadpool Vol. 5: Living Legends (2006)"},{"ResourceUri":null,"Name":"Cable & Deadpool Vol. 6: Paved with Good Intentions (2007)"},{"ResourceUri":null,"Name":"Cable & Deadpool Vol. 7: Separation Anxiety (2007)"},{"ResourceUri":null,"Name":"Cable/Deadpool Vol. 3: The Human Race (2005)"},{"ResourceUri":null,"Name":"Cable/Deadpool Vol. 4: Bosom Buddies (2006)"},{"ResourceUri":null,"Name":"Civil War: X-Men (2011)"},{"ResourceUri":null,"Name":"Civil War: X-Men Universe (2007)"},{"ResourceUri":null,"Name":"Dark Reign:Deadpool/Thunderbolts (2009 - Present)"},{"ResourceUri":null,"Name":"Deadpool (2010)"}]}}