Character[0] = {"Id":1009268,"Name":"Deadpool","Description":"","Modified":"2013-10-18T16:33:26-05:00","ResourceUri":null,"Urls":[{"Type":"detail","UrlString":null},{"Type":"wiki","UrlString":null}],"Thumbnail":{"Path":"http://i.annihil.us/u/prod/marvel/i/mg/9/90/5261a86cacb99","Extension":"jpg"},"Comics":{"Available":384,"Returned":20,"CollectionUri":null,"Items":[{"ResourceUri":null,"Name":"5 Ronin (Hardcover)"},{"ResourceUri":null,"Name":"5 Ronin (2010) #5"},{"ResourceUri":null,"Name":"5 Ronin (2010) #5 (MCGUINNESS COVER)"},{"ResourceUri":null,"Name":"Amazing Spider-Man (1999) #611"},{"ResourceUri":null,"Name":"Amazing Spider-Man (1999) #620 (DEADPOOL VARIANT)"},{"ResourceUri":null,"Name":"Avengers: The Initiative (2007) #33 (DEADPOOL VARIANT)"},{"ResourceUri":null,"Name":"Cable (2008) #13"},{"ResourceUri":null,"Name":"Cable (2008) #13 (OLIVETTI (MW, 50/50 COVER))"},{"ResourceUri":null,"Name":"Cable (2008) #14"},{"ResourceUri":null,"Name":"Cable (2008) #14 (OLIVETTI (MW, 50/50 COVER))"},{"ResourceUri":null,"Name":"Cable (2008) #15"},{"ResourceUri":null,"Name":"Cable (2008) #15 (OLIVETTI (MW, 50/50 COVER))"},{"ResourceUri":null,"Name":"Cable & Deadpool (2004) #1"},{"ResourceUri":null,"Name":"Cable & Deadpool (2004) #2"},{"ResourceUri":null,"Name":"Cable & Deadpool (2004) #3"},{"ResourceUri":null,"Name":"Cable & Deadpool (2004) #4"},{"ResourceUri":null,"Name":"Cable & Deadpool (2004) #5"},{"ResourceUri":null,"Name":"Cable & Deadpool (2004) #6"},{"ResourceUri":null,"Name":"Cable & Deadpool (2004) #7"},{"ResourceUri":null,"Name":"Cable & Deadpool (2004) #8"}]},"Stories":{"Available":544,"Returned":20,"CollectionUri":null,"Items":[{"ResourceUri":null,"Name":"Interior #1619","Type":"interiorStory"},{"ResourceUri":null,"Name":"3 of 6 - The Passion of the Cable","Type":"cover"},{"ResourceUri":null,"Name":"3 of 6 - The Passion of the Cable","Type":"interiorStory"},{"ResourceUri":null,"Name":"Interior #2467","Type":"interiorStory"},{"ResourceUri":null,"Name":"Interior #2469","Type":"interiorStory"},{"ResourceUri":null,"Name":"Interior #2471","Type":"interiorStory"},{"ResourceUri":null,"Name":"Interior #2473","Type":"interiorStory"},{"ResourceUri":null,"Name":"Interior #2475","Type":"interiorStory"},{"ResourceUri":null,"Name":"Interior #2477","Type":"interiorStory"},{"ResourceUri":null,"Name":"Interior #2479","Type":"interiorStory"},{"ResourceUri":null,"Name":"4 of 6 - The Passion of the Cable","Type":"interiorStory"},{"ResourceUri":null,"Name":"5 of 6 - The Passion of the Cable","Type":"interiorStory"},{"ResourceUri":null,"Name":"2 of 2 - Thirty Pieces","Type":"cover"},{"ResourceUri":null,"Name":"2 of 2 - Thirty Pieces","Type":"interiorStory"},{"ResourceUri":null,"Name":"1 of 2 - A Murder in Paradise","Type":"interiorStory"},{"ResourceUri":null,"Name":"2 of 2 - A Murder in Paradise","Type":"interiorStory"},{"ResourceUri":null,"Name":"1 of 4 - Enema of the State","Type":"cover"},{"ResourceUri":null,"Name":"1 of 4 - Enema of the State","Type":"interiorStory"},{"ResourceUri":null,"Name":"2 of 4 - Enema of the State","Type":"interiorStory"},{"ResourceUri":null,"Name":"3 of 4 - Enema of the State","Type":"interiorStory"}]},"Events":{"Available":9,"Returned":9,"CollectionUri":null,"Items":[{"ResourceUri":null,"Name":"Age of Apocalypse"},{"ResourceUri":null,"Name":"Civil War"},{"ResourceUri":null,"Name":"Dark Reign"},{"ResourceUri":null,"Name":"Fear Itself"},{"ResourceUri":null,"Name":"House of M"},{"ResourceUri":null,"Name":"Messiah War"},{"ResourceUri":null,"Name":"Secret Invasion"},{"ResourceUri":null,"Name":"X-Men: Regenesis"},{"ResourceUri":null,"Name":"X-Men: Schism"}]},"Series":{"Available":95,"Returned":20,"CollectionUri":null,"Items":[{"ResourceUri":null,"Name":"5 Ronin (2010)"},{"ResourceUri":null,"Name":"5 Ronin (2011)"},{"ResourceUri":null,"Name":"Amazing Spider-Man (1999 - 2013)"},{"ResourceUri":null,"Name":"Avengers: The Initiative (2007 - 2010)"},{"ResourceUri":null,"Name":"Cable (2008 - 2010)"},{"ResourceUri":null,"Name":"Cable & Deadpool (2004 - 2008)"},{"ResourceUri":null,"Name":"Cable & Deadpool MGC (2011)"},{"ResourceUri":null,"Name":"Cable & Deadpool Vol. 1: If Looks Could Kill (2007)"},{"ResourceUri":null,"Name":"Cable & Deadpool Vol. 2: The Burnt Offering (2007)"},{"ResourceUri":null,"Name":"Cable & Deadpool Vol. 3: The Human Race (2005)"},{"ResourceUri":null,"Name":"Cable & Deadpool Vol. 4: Bosom Buddies (2006)"},{"ResourceUri":null,"Name":"Cable & Deadpool Vol. 5: Living Legends (2006)"},{"ResourceUri":null,"Name":"Cable & Deadpool Vol. 6: Paved with Good Intentions (2007)"},{"ResourceUri":null,"Name":"Cable & Deadpool Vol. 7: Separation Anxiety (2007)"},{"ResourceUri":null,"Name":"Cable/Deadpool Vol. 3: The Human Race (2005)"},{"ResourceUri":null,"Name":"Cable/Deadpool Vol. 4: Bosom Buddies (2006)"},{"ResourceUri":null,"Name":"Civil War: X-Men (2011)"},{"ResourceUri":null,"Name":"Civil War: X-Men Universe (2007)"},{"ResourceUri":null,"Name":"Dark Reign:Deadpool/Thunderbolts (2009 - Present)"},{"ResourceUri":null,"Name":"Deadpool (2010)"}]}}
Character[1] = {"Id":1009351,"Name":"Hulk","Description":"Caught in a gamma bomb explosion while trying to save the life of a teenager, Dr. Bruce Banner was transformed into the incredibly powerful creature called the Hulk. An all too often misunderstood hero, the angrier the Hulk gets, the stronger the Hulk gets.","Modified":"2013-10-17T14:27:06-05:00","ResourceUri":null,"Urls":[{"Type":"detail","UrlString":null},{"Type":"wiki","UrlString":null}],"Thumbnail":{"Path":"http://i.annihil.us/u/prod/marvel/i/mg/c/03/526039b477c92","Extension":"jpg"},"Comics":{"Available":1302,"Returned":20,"CollectionUri":null,"Items":[{"ResourceUri":null,"Name":"5 Ronin (Hardcover)"},{"ResourceUri":null,"Name":"5 Ronin (2010) #2"},{"ResourceUri":null,"Name":"5 Ronin (2010) #2 (BROOKS COVER)"},{"ResourceUri":null,"Name":"Actor Presents Spider-Man and the Incredible Hulk (2003) #1"},{"ResourceUri":null,"Name":"Age of X: Universe (2011) #1"},{"ResourceUri":null,"Name":"All-New Savage She-Hulk (2009) #2"},{"ResourceUri":null,"Name":"Alpha Flight (1983) #110"},{"ResourceUri":null,"Name":"Alpha Flight (1983) #111"},{"ResourceUri":null,"Name":"Alpha Flight (1983) #127"},{"ResourceUri":null,"Name":"Amazing Spider-Man (1963) #119"},{"ResourceUri":null,"Name":"Amazing Spider-Man (1999) #667"},{"ResourceUri":null,"Name":"Amazing Spider-Man Annual (1964) #3"},{"ResourceUri":null,"Name":"Amazing Spider-Man Annual (1964) #12"},{"ResourceUri":null,"Name":"Avengers (1963) #1"},{"ResourceUri":null,"Name":"Avengers (1998) #1"},{"ResourceUri":null,"Name":"Avengers (1996) #1"},{"ResourceUri":null,"Name":"Avengers (1963) #3"},{"ResourceUri":null,"Name":"Avengers (1998) #4"},{"ResourceUri":null,"Name":"Avengers (1996) #4"},{"ResourceUri":null,"Name":"Avengers (1996) #5"}]},"Stories":{"Available":1971,"Returned":20,"CollectionUri":null,"Items":[{"ResourceUri":null,"Name":"Interior #703","Type":"interiorStory"},{"ResourceUri":null,"Name":"Interior #705","Type":"interiorStory"},{"ResourceUri":null,"Name":"Interior #707","Type":"interiorStory"},{"ResourceUri":null,"Name":"Interior #873","Type":"interiorStory"},{"ResourceUri":null,"Name":"Interior #875","Type":"interiorStory"},{"ResourceUri":null,"Name":"Interior #1134","Type":"interiorStory"},{"ResourceUri":null,"Name":"Interior #1218","Type":"interiorStory"},{"ResourceUri":null,"Name":"Interior #1220","Type":"interiorStory"},{"ResourceUri":null,"Name":"Interior #1222","Type":"interiorStory"},{"ResourceUri":null,"Name":"Interior #1224","Type":"interiorStory"},{"ResourceUri":null,"Name":"Interior #1226","Type":"interiorStory"},{"ResourceUri":null,"Name":"Interior #1228","Type":"interiorStory"},{"ResourceUri":null,"Name":"Interior #1230","Type":"interiorStory"},{"ResourceUri":null,"Name":"Interior #1232","Type":"interiorStory"},{"ResourceUri":null,"Name":"Interior #1233","Type":"interiorStory"},{"ResourceUri":null,"Name":"1 of 6 - Tempus Fugit","Type":"cover"},{"ResourceUri":null,"Name":"1 of 6 - Tempus Fugit","Type":"interiorStory"},{"ResourceUri":null,"Name":"2 of 6 - Tempus Fugit","Type":"cover"},{"ResourceUri":null,"Name":"2 of 6 - Tempus Fugit","Type":"interiorStory"},{"ResourceUri":null,"Name":"3 of 5 - Tempest Fugit","Type":"interiorStory"}]},"Events":{"Available":23,"Returned":20,"CollectionUri":null,"Items":[{"ResourceUri":null,"Name":"Acts of Vengeance!"},{"ResourceUri":null,"Name":"Age of X"},{"ResourceUri":null,"Name":"Avengers VS X-Men"},{"ResourceUri":null,"Name":"Chaos War"},{"ResourceUri":null,"Name":"Dark Reign"},{"ResourceUri":null,"Name":"Fall of the Hulks"},{"ResourceUri":null,"Name":"Fall of the Mutants"},{"ResourceUri":null,"Name":"Fear Itself"},{"ResourceUri":null,"Name":"House of M"},{"ResourceUri":null,"Name":"Infinity Gauntlet"},{"ResourceUri":null,"Name":"Infinity War"},{"ResourceUri":null,"Name":"Initiative"},{"ResourceUri":null,"Name":"Maximum Security"},{"ResourceUri":null,"Name":"Onslaught"},{"ResourceUri":null,"Name":"Planet Hulk"},{"ResourceUri":null,"Name":"Realm of Kings"},{"ResourceUri":null,"Name":"Secret Invasion"},{"ResourceUri":null,"Name":"Secret Wars"},{"ResourceUri":null,"Name":"Secret Wars II"},{"ResourceUri":null,"Name":"Shattered Heroes"}]},"Series":{"Available":313,"Returned":20,"CollectionUri":null,"Items":[{"ResourceUri":null,"Name":"5 Ronin (2011)"},{"ResourceUri":null,"Name":"5 Ronin (2010)"},{"ResourceUri":null,"Name":"Actor Presents Spider-Man and the Incredible Hulk (2003)"},{"ResourceUri":null,"Name":"Age of X: Universe (2011)"},{"ResourceUri":null,"Name":"All-New Savage She-Hulk (2009)"},{"ResourceUri":null,"Name":"Alpha Flight (1983 - 1994)"},{"ResourceUri":null,"Name":"Amazing Spider-Man (1963 - 1998)"},{"ResourceUri":null,"Name":"Amazing Spider-Man (1999 - 2013)"},{"ResourceUri":null,"Name":"Amazing Spider-Man Annual (1964 - Present)"},{"ResourceUri":null,"Name":"Avengers (1963 - 1996)"},{"ResourceUri":null,"Name":"Avengers (1996 - 1997)"},{"ResourceUri":null,"Name":"Avengers (2010 - 2012)"},{"ResourceUri":null,"Name":"Avengers (1998 - 2004)"},{"ResourceUri":null,"Name":"Avengers & the Infinity Gauntlet (2011)"},{"ResourceUri":null,"Name":"Avengers & the Infinity Gauntlet (2010)"},{"ResourceUri":null,"Name":"Avengers Annual (1967 - 1994)"},{"ResourceUri":null,"Name":"AVENGERS ASSEMBLE (2012 - Present)"},{"ResourceUri":null,"Name":"Avengers Assemble (2004)"},{"ResourceUri":null,"Name":"Avengers Assemble Vol. 4 (2007)"},{"ResourceUri":null,"Name":"Avengers Classic (2007 - 2008)"}]}}
Character[2] = {"Id":1009512,"Name":"Psylocke","Description":"","Modified":"2013-10-24T13:08:01-05:00","ResourceUri":null,"Urls":[{"Type":"detail","UrlString":null},{"Type":"wiki","UrlString":null}],"Thumbnail":{"Path":"http://i.annihil.us/u/prod/marvel/i/mg/1/50/526961ce86539","Extension":"jpg"},"Comics":{"Available":257,"Returned":20,"CollectionUri":null,"Items":[{"ResourceUri":null,"Name":"5 Ronin (2010) #4 (MACK COVER)"},{"ResourceUri":null,"Name":"ACTS OF VENGEANCE CROSSOVERS OMNIBUS (Hardcover)"},{"ResourceUri":null,"Name":"ACTS OF VENGEANCE CROSSOVERS OMNIBUS (DM Only) (Hardcover)"},{"ResourceUri":null,"Name":"Alpha Flight (1983) #61"},{"ResourceUri":null,"Name":"Avengers Assemble Vol. 4 (Hardcover)"},{"ResourceUri":null,"Name":"Avengers Vs. X-Men: Versus (2011) #4"},{"ResourceUri":null,"Name":"Cable (1993) #16"},{"ResourceUri":null,"Name":"Doctor Strange, Sorcerer Supreme (1988) #46"},{"ResourceUri":null,"Name":"Doctor Strange, Sorcerer Supreme (1988) #47"},{"ResourceUri":null,"Name":"Essential X-Men Vol. 6 (All-New Edition) (Trade Paperback)"},{"ResourceUri":null,"Name":"Excalibur (1988) #94"},{"ResourceUri":null,"Name":"Excalibur (1988) #100"},{"ResourceUri":null,"Name":"Excalibur (1988) #119"},{"ResourceUri":null,"Name":"Excalibur (1988) #125"},{"ResourceUri":null,"Name":"Exiles (2001) #90"},{"ResourceUri":null,"Name":"Exiles (2001) #91"},{"ResourceUri":null,"Name":"Exiles (2001) #92"},{"ResourceUri":null,"Name":"Exiles Vol. 15: Enemy of the Stars (Trade Paperback)"},{"ResourceUri":null,"Name":"Fantastic Four (1961) #369"},{"ResourceUri":null,"Name":"Infinity War (Trade Paperback)"}]},"Stories":{"Available":287,"Returned":20,"CollectionUri":null,"Items":[{"ResourceUri":null,"Name":"1 of 2 - Mojo Rising","Type":"cover"},{"ResourceUri":null,"Name":"1 of 3 -","Type":"cover"},{"ResourceUri":null,"Name":"3 of 3 - The First Foursaken","Type":"cover"},{"ResourceUri":null,"Name":"1 of 5 - Enemy of the Stars","Type":"cover"},{"ResourceUri":null,"Name":"2 of 5 - Enemy of the Stars","Type":"cover"},{"ResourceUri":null,"Name":"3 of 5 - Enemy of the Stars","Type":"cover"},{"ResourceUri":null,"Name":"3 of 5 - Enemy of the Stars","Type":"cover"},{"ResourceUri":null,"Name":"Dead Days 1 of 1","Type":"cover"},{"ResourceUri":null,"Name":"With Malice Toward All!","Type":"interiorStory"},{"ResourceUri":null,"Name":"Performance","Type":"interiorStory"},{"ResourceUri":null,"Name":"Cover #19849","Type":"cover"},{"ResourceUri":null,"Name":"Lost In the Funhouse","Type":"interiorStory"},{"ResourceUri":null,"Name":"The Evolutionary War","Type":"cover"},{"ResourceUri":null,"Name":"Resurrection","Type":"interiorStory"},{"ResourceUri":null,"Name":"I Want My X-Men!","Type":"interiorStory"},{"ResourceUri":null,"Name":"Double Cross","Type":"interiorStory"},{"ResourceUri":null,"Name":"Jubilation Day","Type":"interiorStory"},{"ResourceUri":null,"Name":"The Fundamental Thing","Type":"interiorStory"},{"ResourceUri":null,"Name":"...Inquistition","Type":"interiorStory"},{"ResourceUri":null,"Name":"Duet!","Type":"interiorStory"}]},"Events":{"Available":15,"Returned":15,"CollectionUri":null,"Items":[{"ResourceUri":null,"Name":"Acts of Vengeance!"},{"ResourceUri":null,"Name":"Age of Apocalypse"},{"ResourceUri":null,"Name":"Atlantis Attacks"},{"ResourceUri":null,"Name":"Days of Future Present"},{"ResourceUri":null,"Name":"Evolutionary War"},{"ResourceUri":null,"Name":"Fall of the Mutants"},{"ResourceUri":null,"Name":"Fatal Attractions"},{"ResourceUri":null,"Name":"Inferno"},{"ResourceUri":null,"Name":"Infinity War"},{"ResourceUri":null,"Name":"Maximum Security"},{"ResourceUri":null,"Name":"Messiah CompleX"},{"ResourceUri":null,"Name":"Mutant Massacre"},{"ResourceUri":null,"Name":"Onslaught"},{"ResourceUri":null,"Name":"X-Men: Schism"},{"ResourceUri":null,"Name":"X-Tinction Agenda"}]},"Series":{"Available":70,"Returned":20,"CollectionUri":null,"Items":[{"ResourceUri":null,"Name":"5 Ronin (2010)"},{"ResourceUri":null,"Name":"ACTS OF VENGEANCE CROSSOVERS OMNIBUS (2011)"},{"ResourceUri":null,"Name":"ACTS OF VENGEANCE CROSSOVERS OMNIBUS (DM Only) (2011)"},{"ResourceUri":null,"Name":"Alpha Flight (1983 - 1994)"},{"ResourceUri":null,"Name":"Avengers Assemble Vol. 4 (2007)"},{"ResourceUri":null,"Name":"Avengers Vs. X-Men: Versus (2011 - 2012)"},{"ResourceUri":null,"Name":"Cable (1993 - 2002)"},{"ResourceUri":null,"Name":"Doctor Strange, Sorcerer Supreme (1988 - 1996)"},{"ResourceUri":null,"Name":"Essential X-Men Vol. 6 (All-New Edition) (2011 - Present)"},{"ResourceUri":null,"Name":"Excalibur (1988 - 1998)"},{"ResourceUri":null,"Name":"Exiles (2001 - 2008)"},{"ResourceUri":null,"Name":"Exiles Vol. 15: Enemy of the Stars (2007)"},{"ResourceUri":null,"Name":"Fantastic Four (1961 - 1998)"},{"ResourceUri":null,"Name":"Infinity War (2005)"},{"ResourceUri":null,"Name":"Marvel Super-Heroes (1992 - 1993)"},{"ResourceUri":null,"Name":"Marvel Visionaries: Chris Claremont (2005)"},{"ResourceUri":null,"Name":"Marvel Visionaries: Steve Ditko (2005)"},{"ResourceUri":null,"Name":"Marvel Weddings (2005)"},{"ResourceUri":null,"Name":"Marvel Zombies: Dead Days (2009 - Present)"},{"ResourceUri":null,"Name":"Marvel Zombies: Dead Days (2007)"}]}}
Character[3] = {"Id":1009515,"Name":"Punisher","Description":"","Modified":"2013-10-18T11:54:46-05:00","ResourceUri":null,"Urls":[{"Type":"detail","UrlString":null},{"Type":"wiki","UrlString":null}],"Thumbnail":{"Path":"http://i.annihil.us/u/prod/marvel/i/mg/3/90/5261675f6b22f","Extension":"jpg"},"Comics":{"Available":386,"Returned":20,"CollectionUri":null,"Items":[{"ResourceUri":null,"Name":"5 Ronin (Hardcover)"},{"ResourceUri":null,"Name":"5 Ronin (2010) #3"},{"ResourceUri":null,"Name":"Agent X (2002) #2"},{"ResourceUri":null,"Name":"Amazing Spider-Man (1963) #129"},{"ResourceUri":null,"Name":"Amazing Spider-Man (1963) #135"},{"ResourceUri":null,"Name":"Amazing Spider-Man (1963) #161"},{"ResourceUri":null,"Name":"Amazing Spider-Man (1963) #162"},{"ResourceUri":null,"Name":"Amazing Spider-Man (1963) #174"},{"ResourceUri":null,"Name":"Amazing Spider-Man (1963) #175"},{"ResourceUri":null,"Name":"Amazing Spider-Man (1963) #201"},{"ResourceUri":null,"Name":"Amazing Spider-Man (1963) #202"},{"ResourceUri":null,"Name":"Amazing Spider-Man (1963) #284"},{"ResourceUri":null,"Name":"Amazing Spider-Man (1963) #285"},{"ResourceUri":null,"Name":"Amazing Spider-Man (1963) #384"},{"ResourceUri":null,"Name":"Amazing Spider-Man (1999) #537"},{"ResourceUri":null,"Name":"Amazing Spider-Man (1999) #577"},{"ResourceUri":null,"Name":"Amazing Spider-Man (1999) #655"},{"ResourceUri":null,"Name":"Amazing Spider-Man (1999) #655 (2nd Printing Variant)"},{"ResourceUri":null,"Name":"Amazing Spider-Man Annual (1964) #15"},{"ResourceUri":null,"Name":"Astonishing Tales (2009) #1"}]},"Stories":{"Available":526,"Returned":20,"CollectionUri":null,"Items":[{"ResourceUri":null,"Name":"Interior #976","Type":"interiorStory"},{"ResourceUri":null,"Name":"6 of 6 - The War at Home","Type":"cover"},{"ResourceUri":null,"Name":"Interior #1411","Type":"interiorStory"},{"ResourceUri":null,"Name":"Interior #1626","Type":"interiorStory"},{"ResourceUri":null,"Name":"Interior #1716","Type":"interiorStory"},{"ResourceUri":null,"Name":"Interior #1841","Type":"interiorStory"},{"ResourceUri":null,"Name":"Interior #1969","Type":"interiorStory"},{"ResourceUri":null,"Name":"Interior #2107","Type":"interiorStory"},{"ResourceUri":null,"Name":"Interior #2252","Type":"interiorStory"},{"ResourceUri":null,"Name":"1 of 6 - Mother Russia","Type":"interiorStory"},{"ResourceUri":null,"Name":"2 of 6 - Mother Russia","Type":"interiorStory"},{"ResourceUri":null,"Name":"Interior #2554","Type":"interiorStory"},{"ResourceUri":null,"Name":"Interior #2556","Type":"interiorStory"},{"ResourceUri":null,"Name":"Interior #2558","Type":"interiorStory"},{"ResourceUri":null,"Name":"Interior #2560","Type":"interiorStory"},{"ResourceUri":null,"Name":"Interior #2562","Type":"interiorStory"},{"ResourceUri":null,"Name":"Interior #2564","Type":"interiorStory"},{"ResourceUri":null,"Name":"Interior #2566","Type":"interiorStory"},{"ResourceUri":null,"Name":"\"KITCHEN IRISH\" PART 6 (OF 6) Everyone gets just what they deserve. The bloodcurdling, bloodthirsty, bloody ending to Kitchen Ir","Type":"interiorStory"},{"ResourceUri":null,"Name":"3 of 6 - Mother Russia","Type":"interiorStory"}]},"Events":{"Available":9,"Returned":9,"CollectionUri":null,"Items":[{"ResourceUri":null,"Name":"Acts of Vengeance!"},{"ResourceUri":null,"Name":"Atlantis Attacks"},{"ResourceUri":null,"Name":"Civil War"},{"ResourceUri":null,"Name":"Dark Reign"},{"ResourceUri":null,"Name":"Initiative"},{"ResourceUri":null,"Name":"Maximum Security"},{"ResourceUri":null,"Name":"Onslaught"},{"ResourceUri":null,"Name":"World War Hulk"},{"ResourceUri":null,"Name":"X-Tinction Agenda"}]},"Series":{"Available":78,"Returned":20,"CollectionUri":null,"Items":[{"ResourceUri":null,"Name":"5 Ronin (2011)"},{"ResourceUri":null,"Name":"5 Ronin (2010)"},{"ResourceUri":null,"Name":"Agent X (2002 - 2004)"},{"ResourceUri":null,"Name":"Amazing Spider-Man (1999 - 2013)"},{"ResourceUri":null,"Name":"Amazing Spider-Man (1963 - 1998)"},{"ResourceUri":null,"Name":"Amazing Spider-Man Annual (1964 - Present)"},{"ResourceUri":null,"Name":"Astonishing Tales (2009)"},{"ResourceUri":null,"Name":"Avengers Assemble Vol. 4 (2007)"},{"ResourceUri":null,"Name":"Avenging Spider-Man (2011 - Present)"},{"ResourceUri":null,"Name":"Captain America (1968 - 1996)"},{"ResourceUri":null,"Name":"Captain Marvel (2000 - 2004)"},{"ResourceUri":null,"Name":"Captain Marvel Vol. 1: Nothing to Lose (2003)"},{"ResourceUri":null,"Name":"Captain Marvel Vol. I (1999)"},{"ResourceUri":null,"Name":"Civil War (2006 - 2007)"},{"ResourceUri":null,"Name":"Daredevil (1963 - 1998)"},{"ResourceUri":null,"Name":"Daredevil (2011 - Present)"},{"ResourceUri":null,"Name":"Daredevil by Frank Miller & Klaus Janson (2007)"},{"ResourceUri":null,"Name":"Daredevil Vol. 6: Lowlife (2003)"},{"ResourceUri":null,"Name":"Daredevil Vs. Punisher (2006)"},{"ResourceUri":null,"Name":"Daredevil Vs. Punisher (2005)"}]}}
Character[4] = {"Id":1009718,"Name":"Wolverine","Description":"Born with super-human senses and the power to heal from almost any wound, Wolverine was captured by a secret Canadian organization and given an unbreakable skeleton and claws. Treated like an animal, it took years for him to control himself. Now, he's a premiere member of both the X-Men and the Avengers.","Modified":"2013-11-20T16:40:18-06:00","ResourceUri":null,"Urls":[{"Type":"detail","UrlString":null},{"Type":"wiki","UrlString":null}],"Thumbnail":{"Path":"http://i.annihil.us/u/prod/marvel/i/mg/c/00/528d3a1eb24ee","Extension":"jpg"},"Comics":{"Available":1793,"Returned":20,"CollectionUri":null,"Items":[{"ResourceUri":null,"Name":"5 Ronin (Hardcover)"},{"ResourceUri":null,"Name":"5 Ronin (Hardcover)"},{"ResourceUri":null,"Name":"5 Ronin (2010) #1"},{"ResourceUri":null,"Name":"5 Ronin (2010) #1 (AJA Cover)"},{"ResourceUri":null,"Name":"ACTS OF VENGEANCE CROSSOVERS OMNIBUS (Hardcover)"},{"ResourceUri":null,"Name":"ACTS OF VENGEANCE CROSSOVERS OMNIBUS (DM Only) (Hardcover)"},{"ResourceUri":null,"Name":"Agents of Atlas (2009) #3 (Wolverine Art Appreciation Variant)"},{"ResourceUri":null,"Name":"Agents of Atlas (2009) #5"},{"ResourceUri":null,"Name":"Agents of Atlas (2009) #5 (MCGUINNESS VARIANT)"},{"ResourceUri":null,"Name":"Alpha Flight (1983) #3"},{"ResourceUri":null,"Name":"Alpha Flight (1983) #13"},{"ResourceUri":null,"Name":"Alpha Flight (1983) #16"},{"ResourceUri":null,"Name":"Alpha Flight (1983) #17"},{"ResourceUri":null,"Name":"Alpha Flight (1983) #33"},{"ResourceUri":null,"Name":"Alpha Flight (1983) #34"},{"ResourceUri":null,"Name":"Alpha Flight (1983) #52"},{"ResourceUri":null,"Name":"Alpha Flight (1983) #53"},{"ResourceUri":null,"Name":"Alpha Flight (1983) #61"},{"ResourceUri":null,"Name":"Alpha Flight (1983) #87"},{"ResourceUri":null,"Name":"Alpha Flight (1983) #88"}]},"Stories":{"Available":2444,"Returned":20,"CollectionUri":null,"Items":[{"ResourceUri":null,"Name":"Cover #477","Type":"cover"},{"ResourceUri":null,"Name":"1 of 1 - Holiday Issue","Type":"cover"},{"ResourceUri":null,"Name":"1 of 5 - Golgotha","Type":"cover"},{"ResourceUri":null,"Name":"2 of 3 - House of Broken Dreams","Type":"cover"},{"ResourceUri":null,"Name":"Interior #1051","Type":"interiorStory"},{"ResourceUri":null,"Name":"Interior #1415","Type":"interiorStory"},{"ResourceUri":null,"Name":"Interior #1499","Type":"interiorStory"},{"ResourceUri":null,"Name":"Interior #1632","Type":"interiorStory"},{"ResourceUri":null,"Name":"Interior #1767","Type":"interiorStory"},{"ResourceUri":null,"Name":"Cover #1776","Type":"cover"},{"ResourceUri":null,"Name":"Interior #1779","Type":"interiorStory"},{"ResourceUri":null,"Name":"Interior #1803","Type":"interiorStory"},{"ResourceUri":null,"Name":"Interior #1847","Type":"interiorStory"},{"ResourceUri":null,"Name":"Interior #1912","Type":"interiorStory"},{"ResourceUri":null,"Name":"4 of 5 - Quiet","Type":"cover"},{"ResourceUri":null,"Name":"Interior #1979","Type":"interiorStory"},{"ResourceUri":null,"Name":"Interior #2070","Type":"interiorStory"},{"ResourceUri":null,"Name":"Interior #2084","Type":"interiorStory"},{"ResourceUri":null,"Name":"3 of 6 - Enemy of the State","Type":"interiorStory"},{"ResourceUri":null,"Name":"Interior #2167","Type":"interiorStory"}]},"Events":{"Available":32,"Returned":20,"CollectionUri":null,"Items":[{"ResourceUri":null,"Name":"Acts of Vengeance!"},{"ResourceUri":null,"Name":"Age of Apocalypse"},{"ResourceUri":null,"Name":"Atlantis Attacks"},{"ResourceUri":null,"Name":"Avengers VS X-Men"},{"ResourceUri":null,"Name":"Chaos War"},{"ResourceUri":null,"Name":"Civil War"},{"ResourceUri":null,"Name":"Dark Reign"},{"ResourceUri":null,"Name":"Days of Future Present"},{"ResourceUri":null,"Name":"Enemy of the State"},{"ResourceUri":null,"Name":"Evolutionary War"},{"ResourceUri":null,"Name":"Fall of the Mutants"},{"ResourceUri":null,"Name":"Fatal Attractions"},{"ResourceUri":null,"Name":"Fear Itself"},{"ResourceUri":null,"Name":"House of M"},{"ResourceUri":null,"Name":"Inferno"},{"ResourceUri":null,"Name":"Infinity Gauntlet"},{"ResourceUri":null,"Name":"Infinity War"},{"ResourceUri":null,"Name":"Maximum Security"},{"ResourceUri":null,"Name":"Messiah CompleX"},{"ResourceUri":null,"Name":"Messiah War"}]},"Series":{"Available":435,"Returned":20,"CollectionUri":null,"Items":[{"ResourceUri":null,"Name":"5 Ronin (2011)"},{"ResourceUri":null,"Name":"5 Ronin (2010)"},{"ResourceUri":null,"Name":"ACTS OF VENGEANCE CROSSOVERS OMNIBUS (2011)"},{"ResourceUri":null,"Name":"ACTS OF VENGEANCE CROSSOVERS OMNIBUS (DM Only) (2011)"},{"ResourceUri":null,"Name":"Agents of Atlas (2009)"},{"ResourceUri":null,"Name":"Alpha Flight (1983 - 1994)"},{"ResourceUri":null,"Name":"Alpha Flight Classic Vol. 1 (2007)"},{"ResourceUri":null,"Name":"Amazing Spider-Man (1999 - 2013)"},{"ResourceUri":null,"Name":"Amazing Spider-Man (1963 - 1998)"},{"ResourceUri":null,"Name":"Amazing Spider-Man Annual (1964 - Present)"},{"ResourceUri":null,"Name":"Anita Blake: The Laughing Corpse - Necromancer (2009)"},{"ResourceUri":null,"Name":"Annihilators: Earthfall (2011)"},{"ResourceUri":null,"Name":"Astonishing Spider-Man/Wolverine (2010 - 2011)"},{"ResourceUri":null,"Name":"Astonishing Spider-Man/Wolverine (2010 - Present)"},{"ResourceUri":null,"Name":"Astonishing Tales (2009)"},{"ResourceUri":null,"Name":"Astonishing Tales: Wolverine/Punisher (2008 - 2009)"},{"ResourceUri":null,"Name":"Astonishing X-Men (2004 - Present)"},{"ResourceUri":null,"Name":"Astonishing X-Men by Joss Whedon & John Cassaday (2009 - Present)"},{"ResourceUri":null,"Name":"Astonishing X-Men Vol. 1 (2006)"},{"ResourceUri":null,"Name":"Astonishing X-Men Vol. 1: Gifted (2004)"}]}}
